// Jest Snapshot v1, https://goo.gl/fbAQLP

exports[`EditUser.vue Template is correct 1`] = `
<div>
  <div
    class="card"
  >
    <!---->
    <!---->
    <div
      class="card-body"
    >
      <h4
        class="card-title"
      >
        Bar Foo
      </h4>
      <!---->
      <div>
        <fieldset
          class="form-group"
          id="__BVID__6"
        >
          <!---->
          <div
            role="group"
            tabindex="-1"
          >
            <div
              class="custom-control custom-control-inline custom-checkbox"
            >
              <input
                autocomplete="off"
                class="custom-control-input"
                id="__BVID__7"
                type="checkbox"
                value="true"
              />
              <label
                class="custom-control-label"
                for="__BVID__7"
              >
                
          Is admin?
        
              </label>
            </div>
             
            <div
              class="custom-control custom-control-inline custom-checkbox"
            >
              <input
                autocomplete="off"
                class="custom-control-input"
                id="__BVID__8"
                type="checkbox"
                value="true"
              />
              <label
                class="custom-control-label"
                for="__BVID__8"
              >
                
          Is active?
        
              </label>
            </div>
            <!---->
            <!---->
            <!---->
          </div>
        </fieldset>
         
        <div
          class="form-row form-group"
          id="roleLabel"
          role="group"
        >
          <label
            class="col-sm-2 col-form-label"
            for="roleInput"
            id="roleLabel__BV_label_"
          >
            Role:
          </label>
          <div
            class="col"
          >
            <div
              class="dropdown v-select searchable"
              dir="auto"
              id="roleInput"
            >
              <div
                class="dropdown-toggle"
              >
                <div
                  class="vs__selected-options"
                >
                  <span
                    class="selected-tag"
                  >
                    
            soft mengineer
           
                    <button
                      aria-label="Remove option"
                      class="close"
                      type="button"
                    >
                      <span
                        aria-hidden="true"
                      >
                        ×
                      </span>
                    </button>
                  </span>
                   
                  <input
                    aria-label="Search for option"
                    autocomplete="off"
                    class="form-control"
                    role="combobox"
                    type="search"
                  />
                </div>
                 
                <div
                  class="vs__actions"
                >
                  <button
                    class="clear"
                    style="display: none;"
                    title="Clear selection"
                    type="button"
                  >
                    <span
                      aria-hidden="true"
                    >
                      ×
                    </span>
                  </button>
                   
                  <i
                    class="open-indicator"
                    role="presentation"
                  />
                   
                  <div
                    class="spinner"
                    style="display: none;"
                  >
                    Loading...
                  </div>
                </div>
              </div>
               
              <!---->
            </div>
            <!---->
            <!---->
            <!---->
          </div>
        </div>
         
        <fieldset
          class="form-group"
          id="__BVID__12"
        >
          <!---->
          <div
            role="group"
            tabindex="-1"
          >
            <div
              class="row"
            >
              <div
                class="col-sm-3"
              >
                <button
                  class="btn btn-primary"
                  name="update"
                  type="button"
                >
                  
              Update
            
                </button>
              </div>
               
              <div
                class="col-sm-3 offset-sm-6"
              >
                <button
                  class="btn btn-danger"
                  name="delete"
                  type="button"
                >
                  
              Delete
            
                </button>
              </div>
            </div>
            <!---->
            <!---->
            <!---->
          </div>
        </fieldset>
      </div>
    </div>
    <!---->
    <!---->
  </div>
</div>
`;
