// Jest Snapshot v1, https://goo.gl/fbAQLP

exports[`MostWillingnessChart.vue Template is correct 1`] = `
<chartcard-stub>
  <template>
    <div
      class="h3 px-2"
    >
      
      Preferred skills
    
    </div>
  </template>
   
  <bcol-stub
    tag="div"
  >
    <p
      class="lead px-2"
    >
      
      Employees are most enthusiastic about
      
      <strong>
        SkillTwo
      </strong>
      . 
      <br />
      
      There are 
      <strong>
        2
      </strong>
      
      who would prefer working with the tech
      and our current skill level average is
      
      <strong>
        4
      </strong>
    </p>
  </bcol-stub>
</chartcard-stub>
`;
