// Jest Snapshot v1, https://goo.gl/fbAQLP

exports[`ProjectList.vue Template is correct 1`] = `
<b-container-stub
  tag="div"
>
  <hr />
   
  <b-input-stub
    class="mb-2"
    name="project-filter"
    placeholder="Filter projects (by name or project code)"
    type="text"
    value=""
  />
   
  <b-table-stub
    apiurl=""
    class="clickable"
    currentpage="1"
    emptyfilteredtext="There are no records matching your request"
    emptytext="There are no records to show"
    fields="[object Object],[object Object]"
    hover="true"
    id="project-table"
    items=""
    labelsortasc="Click to sort Ascending"
    labelsortclear="Click to clear sorting"
    labelsortdesc="Click to sort Descending"
    perpage="0"
    selectedvariant="primary"
    selectmode="multi"
    sortby="code"
    sortcompareoptions="[object Object]"
    sortdirection="asc"
    striped="true"
    value=""
  />
</b-container-stub>
`;
