// Jest Snapshot v1, https://goo.gl/fbAQLP

exports[`ProjectForm.test.js Template is correct 1`] = `
<div>
  <form id="project_form" class="animated fadeIn">
    <div class="row">
      <div class="col"><small>Employer</small>
        <div dir="auto" class="dropdown v-select single searchable" id="employer-select">
          <div class="dropdown-toggle">
            <div class="vs__selected-options"><span class="selected-tag">
            Codento Oy
           <!----></span> <input type="search" autocomplete="off" role="combobox" aria-label="Search for option" class="form-control"></div>
            <div class="vs__actions"><button type="button" title="Clear selection" class="clear" style=""><span aria-hidden="true">×</span></button> <i role="presentation" class="open-indicator"></i>
              <div class="spinner" style="display: none;">Loading...</div>
            </div>
          </div>
          <!---->
        </div>
      </div>
    </div>
    <div class="row">
      <div class="col"><small>Project code</small> <input type="number" placeholder="Project code" required="required" min="0" max="99999" aria-required="true" class="form-control"></div>
    </div>
    <div class="row">
      <div class="col-sm-6"><small>Project name (Finnish)</small> <input type="text" placeholder="Project name (fi)" required="required" aria-required="true" class="form-control"></div>
      <div class="col-sm-6"><small>Project name (English)</small> <input type="text" placeholder="Project name (en)" required="required" aria-required="true" class="form-control"></div>
    </div>
    <div class="row">
      <div class="col"><small>Start date</small>
        <div required="required"><input id="project-start-date-datepicker" type="text" autocomplete="off" class="form-control"></div>
      </div>
    </div>
    <div class="row">
      <div class="col"><small>End date</small>
        <div><input id="project-end-date-datepicker" type="text" autocomplete="off" class="form-control"></div>
      </div>
    </div>
    <div class="row">
      <div class="mt-2 mb-2 col">
        <div class="custom-control custom-checkbox"><input type="checkbox" autocomplete="off" class="custom-control-input" value="true"><label class="custom-control-label">
            Internal project, not done for a customer
          </label></div>
      </div>
    </div>
    <div class="row">
      <div class="col-sm-6"><small>Customer name (Finnish)</small> <input type="text" placeholder="Customer name (fi)" required="required" aria-required="true" class="form-control"></div>
      <div class="col-sm-6"><small>Customer name (English)</small> <input type="text" placeholder="Customer name (en)" required="required" aria-required="true" class="form-control"></div>
    </div>
    <div class="row">
      <div class="col-sm-6"><small>Description (Finnish)</small> <textarea placeholder="Project description (fi)" rows="5" wrap="soft" class="form-control form-control" type="text"></textarea></div>
      <div class="col-sm-6"><small>Description (English)</small> <textarea placeholder="Project description (en)" rows="5" wrap="soft" class="form-control form-control" type="text"></textarea></div>
    </div>
    <div class="row">
      <div class="mt-2 mb-2 col">
        <div class="custom-control custom-checkbox"><input type="checkbox" autocomplete="off" class="custom-control-input" value="true"><label class="custom-control-label">
            This is a secret project
          </label></div>
      </div>
    </div>
    <div class="row">
      <div class="col"><button id="submit-project" primary="" type="submit" class="btn form-control btn-secondary">
          Update project
        </button></div>
    </div>
  </form>
  <!---->
</div>
`;
