// Jest Snapshot v1, https://goo.gl/fbAQLP

exports[`UserProfileCard.test.js Template is correct 1`] = `
<b-row style="padding-bottom: 12px;">
  <b-col class="col-mb-4 text-right valign-middle"><b>Python:</b></b-col>
  <b-col class="col-mb-8">
    <b-progress max="5" height="0.9rem" class="mb-6">
      <b-progress-bar value="2" class="rytmi-progress-knowledge">2</b-progress-bar>
      <!---->
    </b-progress>
    <b-progress max="5" height="0.9rem" class="mb-6">
      <b-progress-bar value="1" class="rytmi-progress-wants">1</b-progress-bar>
      <!---->
    </b-progress>
  </b-col>
</b-row>
`;
