// Jest Snapshot v1, https://goo.gl/fbAQLP

exports[`TopSkillChart.vue Should match the template 1`] = `
<chart-card-stub>
  <template>
    <h2>
      Top skill
    </h2>
  </template>
   
  <b-col-stub
    tag="div"
  >
    <p
      class="lead px-2"
    >
      
      Our top skill is
      
      <strong>
        SkillTwo
      </strong>
      . 
      <br />
      
      There are 
      <strong>
        1
      </strong>
       people
      who's skill level is 4 or 5 and the average is
      
      <strong>
        3
      </strong>
    </p>
  </b-col-stub>
</chart-card-stub>
`;
