// Jest Snapshot v1, https://goo.gl/fbAQLP

exports[`UserProfileCard.test.js Template is correct 1`] = `
<div
  class="profile-details"
>
  <div
    style="text-align: center;"
  >
    <img
      alt="profile photo"
      src="shouldNotWork"
    />
  </div>
   
  <div
    style="text-align: center; color: rgb(134, 159, 172);"
  >
    <span
      class="profile-name"
    >
       undefined undefined
    </span>
    <br />
     
    <span
      class="profile-title"
    >
      
    </span>
     
  </div>
   
  <div>
    <div
      class="profileCardDetails profile-card-detail-row"
    >
      
      mail
    
    </div>
     
    <div
      class="profileCardDetails profile-card-detail-row"
    >
      
      1231123
    
    </div>
     
    <br />
     
    <div
      class="profileCardDetails profile-card-detail-row"
    >
      
      
    
    </div>
     
    <!---->
  </div>
</div>
`;
