// Jest Snapshot v1, https://goo.gl/fbAQLP

exports[`ProjectList.test.js Template is correct 1`] = `
<b-container>
  <h2>Projects</h2>
  <b-input type="text" placeholder="Filter projects (by name or project code)"></b-input>
  <b-table id="project-table" striped="" items="" fields="[object Object],[object Object]" fixed=""></b-table>
</b-container>
`;
