// Jest Snapshot v1, https://goo.gl/fbAQLP

exports[`Profile.vue shallow Template is correct 1`] = `
<div
  class="animated fadeIn profile"
>
  <b-row>
    <b-col>
      <!---->
    </b-col>
     
    <b-col>
      <b-card
        id="proficiency"
      >
        <h5
          class="mb-0"
          slot="header"
        >
          
          Proficiency
          
          <span
            style="float: right; cursor: pointer;"
          >
            
            ⓘ
          
          </span>
        </h5>
         
        <b-row>
          <b-col
            class="col mb-1"
          />
        </b-row>
      </b-card>
       
      <b-card
        header="Working experience (placeholder)"
      >
        <!---->
        <!---->
        <!---->
        <!---->
      </b-card>
    </b-col>
  </b-row>
</div>
`;
