// Jest Snapshot v1, https://goo.gl/fbAQLP

exports[`Project.vue shallow Template is correct 1`] = `
<div>
  <div
    class="animated fadeIn project-container col-sm-12 col-md-7"
  >
    <b-row>
      <b-col
        class="project-details"
      >
        <b>
          
        </b>
         
        <h1>
          
        </h1>
         
        <div
          class="detail-container"
        >
          <span
            class="detail detail-start"
          >
            <small>
              Start date
            </small>
            <br />
             
            <b>
              <!---->
            </b>
          </span>
           
          <span
            class="detail detail-end"
          >
            <small>
              End date
            </small>
            <br />
             
            <b>
              <!---->
            </b>
          </span>
           
          <span
            class="detail members"
          >
            <small>
              Consultants
            </small>
            <br />
             
            <!---->
          </span>
        </div>
         
        <p>
          <small>
            Description
          </small>
          <br />
          
          
        
        </p>
      </b-col>
    </b-row>
     
    <b-row>
      <b-col
        class="project-members"
      >
        <!---->
      </b-col>
    </b-row>
     
    <hr />
     
    <div>
      <h3
        class="project-profile-form-header"
      >
        Add a consultant
        
        <i
          class="fa fa-chevron-down"
        />
      </h3>
       
      <!---->
    </div>
  </div>
</div>
`;
