// Jest Snapshot v1, https://goo.gl/fbAQLP

exports[`Profile.vue shallowMount Template is correct 1`] = `
<b-container-stub
  class="animated fadeIn profile"
  tag="div"
>
  <b-row-stub
    tag="div"
  >
    <b-tabs-stub
      contentclass="mt-3"
      tag="div"
    >
      <b-tab-stub
        buttonid=""
        href="#"
        nobody="true"
        tag="div"
        title="Profile"
      >
        <userprofile-stub
          profile="[object Object]"
        />
      </b-tab-stub>
       
      <b-tab-stub
        buttonid=""
        href="#"
        nobody="true"
        tag="div"
        title="CV tool"
      >
        <cvtool-stub
          profile="[object Object]"
        />
      </b-tab-stub>
    </b-tabs-stub>
  </b-row-stub>
</b-container-stub>
`;
