// Jest Snapshot v1, https://goo.gl/fbAQLP

exports[`Profile.vue shallowMount Template is correct 1`] = `
<b-container-stub
  class="animated fadeIn profile mt-2"
  tag="div"
>
  <b-row-stub
    tag="div"
  >
    <b-col-stub
      tag="div"
    >
      <b-btn-stub
        class="open-cv-tool-button pull-right"
        event="click"
        routertag="a"
        tag="button"
        target="_self"
        type="button"
        variant="secondary"
      >
        
        Open CV tool
      
      </b-btn-stub>
    </b-col-stub>
     
    <userprofile-stub
      profile="[object Object]"
    />
     
    <cvtool-stub
      profile="[object Object]"
    />
  </b-row-stub>
</b-container-stub>
`;
