// Jest Snapshot v1, https://goo.gl/fbAQLP

exports[`Project view shallow Template is correct 1`] = `
<div
  class="animated fadeIn col-sm-12 col-md-8 project-list-container"
>
  <b-container-stub
    tag="div"
  >
    <h1>
      Projects
    </h1>
     
    <collapsableitem-stub
      title="Add a new project"
    >
      <projectformwrapper-stub
        isnewproject="true"
      />
    </collapsableitem-stub>
     
    <projectlist-stub />
  </b-container-stub>
</div>
`;
